../Core/Src/main.c:99:5:main	8	static
../Core/Src/main.c:228:6:SystemClock_Config	88	static
../Core/Src/main.c:275:13:MX_USART2_UART_Init	8	static
../Core/Src/main.c:306:13:MX_DMA_Init	16	static
../Core/Src/main.c:327:13:MX_GPIO_Init	48	static
../Core/Src/main.c:356:6:UARTPollingMethod	16	static
../Core/Src/main.c:376:6:DummyTask	8	static
../Core/Src/main.c:386:6:UARTInterruptConfig	8	static
../Core/Src/main.c:391:6:HAL_UART_RxCpltCallback	16	static
../Core/Src/main.c:409:6:Error_Handler	4	static,ignoring_inline_asm
